// Jest Snapshot v1, https://goo.gl/fbAQLP

exports[`bundle Handler should complain with no parameters 1`] = `"Undeployment NO-OP"`;
