// Jest Snapshot v1, https://goo.gl/fbAQLP

exports[`main success should log initialization messages 1`] = `" Imperative Initialized the cics-deploy CLI! Parsed the input command!"`;
