// Jest Snapshot v1, https://goo.gl/fbAQLP

exports[`AutoBundler01 should cope with an empty directory and generate a NODEJSAPP 1`] = `"NODEJSAPP \\"wibble\\" defined for startscript \\"__tests__/__resources__/EmptyBundle02/META-INF\\""`;
